[0.759s] Invoking command in '/home/mitch/metr4202_ws/src/waypoint_commander/build/waypoint_commander': PYTHONPATH=/home/mitch/metr4202_ws/src/waypoint_commander/build/waypoint_commander/prefix_override:/usr/lib/python3/dist-packages/colcon_core/task/python/colcon_distutils_commands:/home/mitch/metr4202_ws/src/waypoint_commander/install/waypoint_commander/lib/python3.10/site-packages:${PYTHONPATH} /usr/bin/python3 -W ignore:setup.py install is deprecated -W ignore:easy_install command is deprecated setup.py develop --editable --build-directory /home/mitch/metr4202_ws/src/waypoint_commander/build/waypoint_commander/build --no-deps symlink_data
[0.947s] running develop
[1.053s] running egg_info
[1.054s] creating waypoint_commander.egg-info
[1.054s] writing waypoint_commander.egg-info/PKG-INFO
[1.054s] writing dependency_links to waypoint_commander.egg-info/dependency_links.txt
[1.054s] writing entry points to waypoint_commander.egg-info/entry_points.txt
[1.054s] writing requirements to waypoint_commander.egg-info/requires.txt
[1.054s] writing top-level names to waypoint_commander.egg-info/top_level.txt
[1.054s] writing manifest file 'waypoint_commander.egg-info/SOURCES.txt'
[1.060s] reading manifest file 'waypoint_commander.egg-info/SOURCES.txt'
[1.062s] writing manifest file 'waypoint_commander.egg-info/SOURCES.txt'
[1.064s] running build_ext
[1.064s] Creating /home/mitch/metr4202_ws/src/waypoint_commander/install/waypoint_commander/lib/python3.10/site-packages/waypoint-commander.egg-link (link to .)
[1.065s] 
[1.065s] Installed /home/mitch/metr4202_ws/src/waypoint_commander/build/waypoint_commander
[1.065s] running symlink_data
[1.065s] creating /home/mitch/metr4202_ws/src/waypoint_commander/install/waypoint_commander/share/ament_index
[1.065s] creating /home/mitch/metr4202_ws/src/waypoint_commander/install/waypoint_commander/share/ament_index/resource_index
[1.065s] creating /home/mitch/metr4202_ws/src/waypoint_commander/install/waypoint_commander/share/ament_index/resource_index/packages
[1.065s] symbolically linking /home/mitch/metr4202_ws/src/waypoint_commander/build/waypoint_commander/resource/waypoint_commander -> /home/mitch/metr4202_ws/src/waypoint_commander/install/waypoint_commander/share/ament_index/resource_index/packages
[1.065s] symbolically linking /home/mitch/metr4202_ws/src/waypoint_commander/build/waypoint_commander/package.xml -> /home/mitch/metr4202_ws/src/waypoint_commander/install/waypoint_commander/share/waypoint_commander
[1.094s] Invoked command in '/home/mitch/metr4202_ws/src/waypoint_commander/build/waypoint_commander' returned '0': PYTHONPATH=/home/mitch/metr4202_ws/src/waypoint_commander/build/waypoint_commander/prefix_override:/usr/lib/python3/dist-packages/colcon_core/task/python/colcon_distutils_commands:/home/mitch/metr4202_ws/src/waypoint_commander/install/waypoint_commander/lib/python3.10/site-packages:${PYTHONPATH} /usr/bin/python3 -W ignore:setup.py install is deprecated -W ignore:easy_install command is deprecated setup.py develop --editable --build-directory /home/mitch/metr4202_ws/src/waypoint_commander/build/waypoint_commander/build --no-deps symlink_data
