[0.404s] DEBUG:colcon:Command line arguments: ['/usr/bin/colcon', 'build', '--symlink-install', '--packages-select', 'waypoint_commander']
[0.405s] DEBUG:colcon:Parsed command line arguments: Namespace(log_base=None, log_level=None, verb_name='build', build_base='build', install_base='install', merge_install=False, symlink_install=True, test_result_base=None, continue_on_error=False, executor='parallel', parallel_workers=4, event_handlers=None, ignore_user_meta=False, metas=['./colcon.meta'], base_paths=['.'], packages_ignore=None, packages_ignore_regex=None, paths=None, packages_up_to=None, packages_up_to_regex=None, packages_above=None, packages_above_and_dependencies=None, packages_above_depth=None, packages_select_by_dep=None, packages_skip_by_dep=None, packages_skip_up_to=None, packages_select_build_failed=False, packages_skip_build_finished=False, packages_select_test_failures=False, packages_skip_test_passed=False, packages_select=['waypoint_commander'], packages_skip=None, packages_select_regex=None, packages_skip_regex=None, packages_start=None, packages_end=None, allow_overriding=[], cmake_args=None, cmake_target=None, cmake_target_skip_unavailable=False, cmake_clean_cache=False, cmake_clean_first=False, cmake_force_configure=False, ament_cmake_args=None, catkin_cmake_args=None, catkin_skip_building_tests=False, mixin_files=None, mixin=None, verb_parser=<colcon_mixin.mixin.mixin_argument.MixinArgumentDecorator object at 0x71d05f958850>, verb_extension=<colcon_core.verb.build.BuildVerb object at 0x71d05f9582e0>, main=<bound method BuildVerb.main of <colcon_core.verb.build.BuildVerb object at 0x71d05f9582e0>>, mixin_verb=('build',))
[1.375s] Level 1:colcon.colcon_core.package_discovery:discover_packages(colcon_meta) check parameters
[1.376s] Level 1:colcon.colcon_core.package_discovery:discover_packages(recursive) check parameters
[1.376s] Level 1:colcon.colcon_core.package_discovery:discover_packages(ignore) check parameters
[1.376s] Level 1:colcon.colcon_core.package_discovery:discover_packages(path) check parameters
[1.376s] Level 1:colcon.colcon_core.package_discovery:discover_packages(colcon_meta) discover
[1.376s] Level 1:colcon.colcon_core.package_discovery:discover_packages(recursive) discover
[1.376s] INFO:colcon.colcon_core.package_discovery:Crawling recursively for packages in '/home/mitch/metr4202_ws/src/waypoint_commander'
[1.377s] Level 1:colcon.colcon_core.package_identification:_identify(.) by extensions ['ignore', 'ignore_ament_install']
[1.377s] Level 1:colcon.colcon_core.package_identification:_identify(.) by extension 'ignore'
[1.377s] Level 1:colcon.colcon_core.package_identification:_identify(.) by extension 'ignore_ament_install'
[1.377s] Level 1:colcon.colcon_core.package_identification:_identify(.) by extensions ['colcon_pkg']
[1.377s] Level 1:colcon.colcon_core.package_identification:_identify(.) by extension 'colcon_pkg'
[1.377s] Level 1:colcon.colcon_core.package_identification:_identify(.) by extensions ['colcon_meta']
[1.377s] Level 1:colcon.colcon_core.package_identification:_identify(.) by extension 'colcon_meta'
[1.377s] Level 1:colcon.colcon_core.package_identification:_identify(.) by extensions ['ros']
[1.377s] Level 1:colcon.colcon_core.package_identification:_identify(.) by extension 'ros'
[1.415s] DEBUG:colcon.colcon_core.package_identification:Package '.' with type 'ros.ament_python' and name 'waypoint_commander'
[1.415s] Level 1:colcon.colcon_core.package_discovery:discover_packages(recursive) using defaults
[1.415s] Level 1:colcon.colcon_core.package_discovery:discover_packages(ignore) discover
[1.415s] Level 1:colcon.colcon_core.package_discovery:discover_packages(ignore) using defaults
[1.416s] Level 1:colcon.colcon_core.package_discovery:discover_packages(path) discover
[1.417s] Level 1:colcon.colcon_core.package_discovery:discover_packages(path) using defaults
[1.503s] Level 1:colcon.colcon_core.package_discovery:discover_packages(prefix_path) check parameters
[1.505s] Level 1:colcon.colcon_core.package_discovery:discover_packages(prefix_path) discover
[1.523s] DEBUG:colcon.colcon_installed_package_information.package_discovery:Found 1 installed packages in /home/mitch/metr4202_ws/src/install
[1.524s] DEBUG:colcon.colcon_installed_package_information.package_discovery:Found 0 installed packages in /home/mitch/metr4202_ws/src/m4202_py_pkg/install
[1.525s] DEBUG:colcon.colcon_installed_package_information.package_discovery:Found 16 installed packages in /home/mitch/turtlebot3_ws/install
[1.525s] DEBUG:colcon.colcon_installed_package_information.package_discovery:Found 2 installed packages in /home/mitch/metr4202_ws/install
[1.527s] DEBUG:colcon.colcon_installed_package_information.package_discovery:Found 371 installed packages in /opt/ros/humble
[1.529s] Level 1:colcon.colcon_core.package_discovery:discover_packages(prefix_path) using defaults
[1.635s] Level 5:colcon.colcon_core.verb:set package 'waypoint_commander' build argument 'cmake_args' from command line to 'None'
[1.635s] Level 5:colcon.colcon_core.verb:set package 'waypoint_commander' build argument 'cmake_target' from command line to 'None'
[1.635s] Level 5:colcon.colcon_core.verb:set package 'waypoint_commander' build argument 'cmake_target_skip_unavailable' from command line to 'False'
[1.635s] Level 5:colcon.colcon_core.verb:set package 'waypoint_commander' build argument 'cmake_clean_cache' from command line to 'False'
[1.635s] Level 5:colcon.colcon_core.verb:set package 'waypoint_commander' build argument 'cmake_clean_first' from command line to 'False'
[1.635s] Level 5:colcon.colcon_core.verb:set package 'waypoint_commander' build argument 'cmake_force_configure' from command line to 'False'
[1.635s] Level 5:colcon.colcon_core.verb:set package 'waypoint_commander' build argument 'ament_cmake_args' from command line to 'None'
[1.635s] Level 5:colcon.colcon_core.verb:set package 'waypoint_commander' build argument 'catkin_cmake_args' from command line to 'None'
[1.635s] Level 5:colcon.colcon_core.verb:set package 'waypoint_commander' build argument 'catkin_skip_building_tests' from command line to 'False'
[1.636s] DEBUG:colcon.colcon_core.verb:Building package 'waypoint_commander' with the following arguments: {'ament_cmake_args': None, 'build_base': '/home/mitch/metr4202_ws/src/waypoint_commander/build/waypoint_commander', 'catkin_cmake_args': None, 'catkin_skip_building_tests': False, 'cmake_args': None, 'cmake_clean_cache': False, 'cmake_clean_first': False, 'cmake_force_configure': False, 'cmake_target': None, 'cmake_target_skip_unavailable': False, 'install_base': '/home/mitch/metr4202_ws/src/waypoint_commander/install/waypoint_commander', 'merge_install': False, 'path': '/home/mitch/metr4202_ws/src/waypoint_commander', 'symlink_install': True, 'test_result_base': None}
[1.636s] INFO:colcon.colcon_core.executor:Executing jobs using 'parallel' executor
[1.639s] DEBUG:colcon.colcon_parallel_executor.executor.parallel:run_until_complete
[1.640s] INFO:colcon.colcon_ros.task.ament_python.build:Building ROS package in '/home/mitch/metr4202_ws/src/waypoint_commander' with build type 'ament_python'
[1.641s] Level 1:colcon.colcon_core.shell:create_environment_hook('waypoint_commander', 'ament_prefix_path')
[1.643s] INFO:colcon.colcon_core.plugin_system:Skipping extension 'colcon_core.shell.bat': Not used on non-Windows systems
[1.644s] INFO:colcon.colcon_core.shell:Creating environment hook '/home/mitch/metr4202_ws/src/waypoint_commander/install/waypoint_commander/share/waypoint_commander/hook/ament_prefix_path.ps1'
[1.645s] INFO:colcon.colcon_core.shell:Creating environment descriptor '/home/mitch/metr4202_ws/src/waypoint_commander/install/waypoint_commander/share/waypoint_commander/hook/ament_prefix_path.dsv'
[1.646s] INFO:colcon.colcon_core.shell:Creating environment hook '/home/mitch/metr4202_ws/src/waypoint_commander/install/waypoint_commander/share/waypoint_commander/hook/ament_prefix_path.sh'
[1.648s] INFO:colcon.colcon_core.shell:Skip shell extension 'powershell' for command environment: Not usable outside of PowerShell
[1.649s] DEBUG:colcon.colcon_core.shell:Skip shell extension 'dsv' for command environment
[2.072s] INFO:colcon.colcon_core.task.python.build:Building Python package in '/home/mitch/metr4202_ws/src/waypoint_commander'
[2.072s] INFO:colcon.colcon_core.shell:Skip shell extension 'powershell' for command environment: Not usable outside of PowerShell
[2.072s] DEBUG:colcon.colcon_core.shell:Skip shell extension 'dsv' for command environment
[3.237s] DEBUG:colcon.colcon_core.task.python.build:Available setuptools commands: develop, install_scripts, bdist, setopt, extract_messages, register, symlink_data, egg_info, install_data, bdist_dumb, build_scripts, build_ext, bdist_egg, upload_docs, test, install_headers, saveopts, rotate, build_py, clean, compile_catalog, install, upload, install_egg_info, bdist_rpm, build_clib, update_catalog, init_catalog, check, alias, install_lib, build, easy_install, sdist, dist_info
[3.653s] DEBUG:colcon.colcon_core.task.python.build:Available setuptools 'develop' options: --no-user-cfg, --editable, --user, --site-dirs, --install-layout, --no-deps, --verbose, --allow-hosts, --uninstall, --multi-version, --version, --build-directory, --no-find-links, --find-links, --exclude-scripts, --zip-ok, --prefix, --help, --index-url, --always-copy, --install-dir, --record, --always-unzip, --egg-path, --optimize, --force-installation-into-system-dir, --upgrade, --local-snapshots-ok, --dry-run, --script-dir, --quiet
[3.658s] DEBUG:colcon.colcon_core.event_handler.log_command:Invoking command in '/home/mitch/metr4202_ws/src/waypoint_commander/build/waypoint_commander': PYTHONPATH=/home/mitch/metr4202_ws/src/waypoint_commander/build/waypoint_commander/prefix_override:/usr/lib/python3/dist-packages/colcon_core/task/python/colcon_distutils_commands:/home/mitch/metr4202_ws/src/waypoint_commander/install/waypoint_commander/lib/python3.10/site-packages:${PYTHONPATH} /usr/bin/python3 -W ignore:setup.py install is deprecated -W ignore:easy_install command is deprecated setup.py develop --editable --build-directory /home/mitch/metr4202_ws/src/waypoint_commander/build/waypoint_commander/build --no-deps symlink_data
[4.334s] Level 1:colcon.colcon_core.shell:create_environment_hook('waypoint_commander', 'pythonpath_develop')
[4.336s] DEBUG:colcon.colcon_core.event_handler.log_command:Invoked command in '/home/mitch/metr4202_ws/src/waypoint_commander/build/waypoint_commander' returned '0': PYTHONPATH=/home/mitch/metr4202_ws/src/waypoint_commander/build/waypoint_commander/prefix_override:/usr/lib/python3/dist-packages/colcon_core/task/python/colcon_distutils_commands:/home/mitch/metr4202_ws/src/waypoint_commander/install/waypoint_commander/lib/python3.10/site-packages:${PYTHONPATH} /usr/bin/python3 -W ignore:setup.py install is deprecated -W ignore:easy_install command is deprecated setup.py develop --editable --build-directory /home/mitch/metr4202_ws/src/waypoint_commander/build/waypoint_commander/build --no-deps symlink_data
[4.338s] INFO:colcon.colcon_core.shell:Creating environment hook '/home/mitch/metr4202_ws/src/waypoint_commander/build/waypoint_commander/share/waypoint_commander/hook/pythonpath_develop.ps1'
[4.339s] INFO:colcon.colcon_core.shell:Creating environment descriptor '/home/mitch/metr4202_ws/src/waypoint_commander/build/waypoint_commander/share/waypoint_commander/hook/pythonpath_develop.dsv'
[4.343s] INFO:colcon.colcon_core.shell:Creating environment hook '/home/mitch/metr4202_ws/src/waypoint_commander/build/waypoint_commander/share/waypoint_commander/hook/pythonpath_develop.sh'
[4.368s] Level 1:colcon.colcon_core.environment:checking '/home/mitch/metr4202_ws/src/waypoint_commander/install/waypoint_commander' for CMake module files
[4.369s] Level 1:colcon.colcon_core.environment:checking '/home/mitch/metr4202_ws/src/waypoint_commander/install/waypoint_commander' for CMake config files
[4.369s] Level 1:colcon.colcon_core.environment:checking '/home/mitch/metr4202_ws/src/waypoint_commander/install/waypoint_commander/lib'
[4.370s] Level 1:colcon.colcon_core.environment:checking '/home/mitch/metr4202_ws/src/waypoint_commander/install/waypoint_commander/bin'
[4.371s] Level 1:colcon.colcon_core.environment:checking '/home/mitch/metr4202_ws/src/waypoint_commander/install/waypoint_commander/lib/pkgconfig/waypoint_commander.pc'
[4.371s] Level 1:colcon.colcon_core.environment:checking '/home/mitch/metr4202_ws/src/waypoint_commander/install/waypoint_commander/lib/python3.10/site-packages'
[4.372s] Level 1:colcon.colcon_core.shell:create_environment_hook('waypoint_commander', 'pythonpath')
[4.372s] INFO:colcon.colcon_core.shell:Creating environment hook '/home/mitch/metr4202_ws/src/waypoint_commander/install/waypoint_commander/share/waypoint_commander/hook/pythonpath.ps1'
[4.374s] INFO:colcon.colcon_core.shell:Creating environment descriptor '/home/mitch/metr4202_ws/src/waypoint_commander/install/waypoint_commander/share/waypoint_commander/hook/pythonpath.dsv'
[4.376s] INFO:colcon.colcon_core.shell:Creating environment hook '/home/mitch/metr4202_ws/src/waypoint_commander/install/waypoint_commander/share/waypoint_commander/hook/pythonpath.sh'
[4.379s] Level 1:colcon.colcon_core.environment:checking '/home/mitch/metr4202_ws/src/waypoint_commander/install/waypoint_commander/bin'
[4.379s] Level 1:colcon.colcon_core.environment:create_environment_scripts_only(waypoint_commander)
[4.380s] INFO:colcon.colcon_core.shell:Creating package script '/home/mitch/metr4202_ws/src/waypoint_commander/install/waypoint_commander/share/waypoint_commander/package.ps1'
[4.386s] INFO:colcon.colcon_core.shell:Creating package descriptor '/home/mitch/metr4202_ws/src/waypoint_commander/install/waypoint_commander/share/waypoint_commander/package.dsv'
[4.389s] INFO:colcon.colcon_core.shell:Creating package script '/home/mitch/metr4202_ws/src/waypoint_commander/install/waypoint_commander/share/waypoint_commander/package.sh'
[4.391s] INFO:colcon.colcon_core.shell:Creating package script '/home/mitch/metr4202_ws/src/waypoint_commander/install/waypoint_commander/share/waypoint_commander/package.bash'
[4.398s] INFO:colcon.colcon_core.shell:Creating package script '/home/mitch/metr4202_ws/src/waypoint_commander/install/waypoint_commander/share/waypoint_commander/package.zsh'
[4.400s] Level 1:colcon.colcon_core.environment:create_file_with_runtime_dependencies(/home/mitch/metr4202_ws/src/waypoint_commander/install/waypoint_commander/share/colcon-core/packages/waypoint_commander)
[4.403s] DEBUG:colcon.colcon_parallel_executor.executor.parallel:closing loop
[4.404s] DEBUG:colcon.colcon_parallel_executor.executor.parallel:loop closed
[4.406s] DEBUG:colcon.colcon_parallel_executor.executor.parallel:run_until_complete finished with '0'
[4.406s] DEBUG:colcon.colcon_core.event_reactor:joining thread
[4.428s] INFO:colcon.colcon_core.plugin_system:Skipping extension 'colcon_notification.desktop_notification.terminal_notifier': Not used on non-Darwin systems
[4.428s] INFO:colcon.colcon_core.plugin_system:Skipping extension 'colcon_notification.desktop_notification.win32': Not used on non-Windows systems
[4.428s] INFO:colcon.colcon_notification.desktop_notification:Sending desktop notification using 'notify2'
[4.470s] DEBUG:colcon.colcon_core.event_reactor:joined thread
[4.471s] INFO:colcon.colcon_core.shell:Creating prefix script '/home/mitch/metr4202_ws/src/waypoint_commander/install/local_setup.ps1'
[4.474s] INFO:colcon.colcon_core.shell:Creating prefix util module '/home/mitch/metr4202_ws/src/waypoint_commander/install/_local_setup_util_ps1.py'
[4.479s] INFO:colcon.colcon_core.shell:Creating prefix chain script '/home/mitch/metr4202_ws/src/waypoint_commander/install/setup.ps1'
[4.498s] INFO:colcon.colcon_core.shell:Creating prefix script '/home/mitch/metr4202_ws/src/waypoint_commander/install/local_setup.sh'
[4.503s] INFO:colcon.colcon_core.shell:Creating prefix util module '/home/mitch/metr4202_ws/src/waypoint_commander/install/_local_setup_util_sh.py'
[4.504s] INFO:colcon.colcon_core.shell:Creating prefix chain script '/home/mitch/metr4202_ws/src/waypoint_commander/install/setup.sh'
[4.508s] INFO:colcon.colcon_core.shell:Creating prefix script '/home/mitch/metr4202_ws/src/waypoint_commander/install/local_setup.bash'
[4.509s] INFO:colcon.colcon_core.shell:Creating prefix chain script '/home/mitch/metr4202_ws/src/waypoint_commander/install/setup.bash'
[4.512s] INFO:colcon.colcon_core.shell:Creating prefix script '/home/mitch/metr4202_ws/src/waypoint_commander/install/local_setup.zsh'
[4.524s] INFO:colcon.colcon_core.shell:Creating prefix chain script '/home/mitch/metr4202_ws/src/waypoint_commander/install/setup.zsh'
