running develop
running egg_info
creating waypoint_commander.egg-info
writing waypoint_commander.egg-info/PKG-INFO
writing dependency_links to waypoint_commander.egg-info/dependency_links.txt
writing entry points to waypoint_commander.egg-info/entry_points.txt
writing requirements to waypoint_commander.egg-info/requires.txt
writing top-level names to waypoint_commander.egg-info/top_level.txt
writing manifest file 'waypoint_commander.egg-info/SOURCES.txt'
reading manifest file 'waypoint_commander.egg-info/SOURCES.txt'
writing manifest file 'waypoint_commander.egg-info/SOURCES.txt'
running build_ext
Creating /home/mitch/metr4202_ws/src/install/waypoint_commander/lib/python3.10/site-packages/waypoint-commander.egg-link (link to .)

Installed /home/mitch/metr4202_ws/src/build/waypoint_commander
running symlink_data
creating /home/mitch/metr4202_ws/src/install/waypoint_commander/share/ament_index
creating /home/mitch/metr4202_ws/src/install/waypoint_commander/share/ament_index/resource_index
creating /home/mitch/metr4202_ws/src/install/waypoint_commander/share/ament_index/resource_index/packages
symbolically linking /home/mitch/metr4202_ws/src/build/waypoint_commander/resource/waypoint_commander -> /home/mitch/metr4202_ws/src/install/waypoint_commander/share/ament_index/resource_index/packages
symbolically linking /home/mitch/metr4202_ws/src/build/waypoint_commander/package.xml -> /home/mitch/metr4202_ws/src/install/waypoint_commander/share/waypoint_commander
