[0.939s] Invoking command in '/home/mitch/metr4202_ws/src/build/waypoint_commander': PYTHONPATH=/home/mitch/metr4202_ws/src/build/waypoint_commander/prefix_override:/usr/lib/python3/dist-packages/colcon_core/task/python/colcon_distutils_commands:/home/mitch/metr4202_ws/src/install/waypoint_commander/lib/python3.10/site-packages:${PYTHONPATH} /usr/bin/python3 -W ignore:setup.py install is deprecated -W ignore:easy_install command is deprecated setup.py develop --editable --build-directory /home/mitch/metr4202_ws/src/build/waypoint_commander/build --no-deps symlink_data
[1.238s] running develop
[1.338s] running egg_info
[1.338s] creating waypoint_commander.egg-info
[1.340s] writing waypoint_commander.egg-info/PKG-INFO
[1.340s] writing dependency_links to waypoint_commander.egg-info/dependency_links.txt
[1.340s] writing entry points to waypoint_commander.egg-info/entry_points.txt
[1.340s] writing requirements to waypoint_commander.egg-info/requires.txt
[1.340s] writing top-level names to waypoint_commander.egg-info/top_level.txt
[1.342s] writing manifest file 'waypoint_commander.egg-info/SOURCES.txt'
[1.344s] reading manifest file 'waypoint_commander.egg-info/SOURCES.txt'
[1.344s] writing manifest file 'waypoint_commander.egg-info/SOURCES.txt'
[1.344s] running build_ext
[1.345s] Creating /home/mitch/metr4202_ws/src/install/waypoint_commander/lib/python3.10/site-packages/waypoint-commander.egg-link (link to .)
[1.345s] 
[1.345s] Installed /home/mitch/metr4202_ws/src/build/waypoint_commander
[1.345s] running symlink_data
[1.345s] creating /home/mitch/metr4202_ws/src/install/waypoint_commander/share/ament_index
[1.345s] creating /home/mitch/metr4202_ws/src/install/waypoint_commander/share/ament_index/resource_index
[1.345s] creating /home/mitch/metr4202_ws/src/install/waypoint_commander/share/ament_index/resource_index/packages
[1.345s] symbolically linking /home/mitch/metr4202_ws/src/build/waypoint_commander/resource/waypoint_commander -> /home/mitch/metr4202_ws/src/install/waypoint_commander/share/ament_index/resource_index/packages
[1.345s] symbolically linking /home/mitch/metr4202_ws/src/build/waypoint_commander/package.xml -> /home/mitch/metr4202_ws/src/install/waypoint_commander/share/waypoint_commander
[1.368s] Invoked command in '/home/mitch/metr4202_ws/src/build/waypoint_commander' returned '0': PYTHONPATH=/home/mitch/metr4202_ws/src/build/waypoint_commander/prefix_override:/usr/lib/python3/dist-packages/colcon_core/task/python/colcon_distutils_commands:/home/mitch/metr4202_ws/src/install/waypoint_commander/lib/python3.10/site-packages:${PYTHONPATH} /usr/bin/python3 -W ignore:setup.py install is deprecated -W ignore:easy_install command is deprecated setup.py develop --editable --build-directory /home/mitch/metr4202_ws/src/build/waypoint_commander/build --no-deps symlink_data
