[0.152s] DEBUG:colcon:Command line arguments: ['/usr/bin/colcon', 'build', '--symlink-install', '--packages-select', 'waypoint_commander']
[0.152s] DEBUG:colcon:Parsed command line arguments: Namespace(log_base=None, log_level=None, verb_name='build', build_base='build', install_base='install', merge_install=False, symlink_install=True, test_result_base=None, continue_on_error=False, executor='parallel', parallel_workers=4, event_handlers=None, ignore_user_meta=False, metas=['./colcon.meta'], base_paths=['.'], packages_ignore=None, packages_ignore_regex=None, paths=None, packages_up_to=None, packages_up_to_regex=None, packages_above=None, packages_above_and_dependencies=None, packages_above_depth=None, packages_select_by_dep=None, packages_skip_by_dep=None, packages_skip_up_to=None, packages_select_build_failed=False, packages_skip_build_finished=False, packages_select_test_failures=False, packages_skip_test_passed=False, packages_select=['waypoint_commander'], packages_skip=None, packages_select_regex=None, packages_skip_regex=None, packages_start=None, packages_end=None, allow_overriding=[], cmake_args=None, cmake_target=None, cmake_target_skip_unavailable=False, cmake_clean_cache=False, cmake_clean_first=False, cmake_force_configure=False, ament_cmake_args=None, catkin_cmake_args=None, catkin_skip_building_tests=False, mixin_files=None, mixin=None, verb_parser=<colcon_mixin.mixin.mixin_argument.MixinArgumentDecorator object at 0x784a82d78850>, verb_extension=<colcon_core.verb.build.BuildVerb object at 0x784a82d782e0>, main=<bound method BuildVerb.main of <colcon_core.verb.build.BuildVerb object at 0x784a82d782e0>>, mixin_verb=('build',))
[0.390s] Level 1:colcon.colcon_core.package_discovery:discover_packages(colcon_meta) check parameters
[0.390s] Level 1:colcon.colcon_core.package_discovery:discover_packages(recursive) check parameters
[0.390s] Level 1:colcon.colcon_core.package_discovery:discover_packages(ignore) check parameters
[0.391s] Level 1:colcon.colcon_core.package_discovery:discover_packages(path) check parameters
[0.391s] Level 1:colcon.colcon_core.package_discovery:discover_packages(colcon_meta) discover
[0.391s] Level 1:colcon.colcon_core.package_discovery:discover_packages(recursive) discover
[0.391s] INFO:colcon.colcon_core.package_discovery:Crawling recursively for packages in '/home/mitch/metr4202_ws/src/waypoint_commander'
[0.391s] Level 1:colcon.colcon_core.package_identification:_identify(.) by extensions ['ignore', 'ignore_ament_install']
[0.391s] Level 1:colcon.colcon_core.package_identification:_identify(.) by extension 'ignore'
[0.391s] Level 1:colcon.colcon_core.package_identification:_identify(.) by extension 'ignore_ament_install'
[0.391s] Level 1:colcon.colcon_core.package_identification:_identify(.) by extensions ['colcon_pkg']
[0.391s] Level 1:colcon.colcon_core.package_identification:_identify(.) by extension 'colcon_pkg'
[0.391s] Level 1:colcon.colcon_core.package_identification:_identify(.) by extensions ['colcon_meta']
[0.391s] Level 1:colcon.colcon_core.package_identification:_identify(.) by extension 'colcon_meta'
[0.392s] Level 1:colcon.colcon_core.package_identification:_identify(.) by extensions ['ros']
[0.392s] Level 1:colcon.colcon_core.package_identification:_identify(.) by extension 'ros'
[0.410s] DEBUG:colcon.colcon_core.package_identification:Package '.' with type 'ros.ament_python' and name 'waypoint_commander'
[0.411s] Level 1:colcon.colcon_core.package_discovery:discover_packages(recursive) using defaults
[0.411s] Level 1:colcon.colcon_core.package_discovery:discover_packages(ignore) discover
[0.411s] Level 1:colcon.colcon_core.package_discovery:discover_packages(ignore) using defaults
[0.411s] Level 1:colcon.colcon_core.package_discovery:discover_packages(path) discover
[0.411s] Level 1:colcon.colcon_core.package_discovery:discover_packages(path) using defaults
[0.457s] Level 1:colcon.colcon_core.package_discovery:discover_packages(prefix_path) check parameters
[0.457s] Level 1:colcon.colcon_core.package_discovery:discover_packages(prefix_path) discover
[0.460s] DEBUG:colcon.colcon_installed_package_information.package_discovery:Found 1 installed packages in /home/mitch/metr4202_ws/src/install
[0.460s] DEBUG:colcon.colcon_installed_package_information.package_discovery:Found 0 installed packages in /home/mitch/metr4202_ws/src/m4202_py_pkg/install
[0.461s] DEBUG:colcon.colcon_installed_package_information.package_discovery:Found 16 installed packages in /home/mitch/turtlebot3_ws/install
[0.461s] DEBUG:colcon.colcon_installed_package_information.package_discovery:Found 2 installed packages in /home/mitch/metr4202_ws/install
[0.464s] DEBUG:colcon.colcon_installed_package_information.package_discovery:Found 371 installed packages in /opt/ros/humble
[0.466s] Level 1:colcon.colcon_core.package_discovery:discover_packages(prefix_path) using defaults
[0.533s] Level 5:colcon.colcon_core.verb:set package 'waypoint_commander' build argument 'cmake_args' from command line to 'None'
[0.533s] Level 5:colcon.colcon_core.verb:set package 'waypoint_commander' build argument 'cmake_target' from command line to 'None'
[0.533s] Level 5:colcon.colcon_core.verb:set package 'waypoint_commander' build argument 'cmake_target_skip_unavailable' from command line to 'False'
[0.533s] Level 5:colcon.colcon_core.verb:set package 'waypoint_commander' build argument 'cmake_clean_cache' from command line to 'False'
[0.533s] Level 5:colcon.colcon_core.verb:set package 'waypoint_commander' build argument 'cmake_clean_first' from command line to 'False'
[0.534s] Level 5:colcon.colcon_core.verb:set package 'waypoint_commander' build argument 'cmake_force_configure' from command line to 'False'
[0.534s] Level 5:colcon.colcon_core.verb:set package 'waypoint_commander' build argument 'ament_cmake_args' from command line to 'None'
[0.534s] Level 5:colcon.colcon_core.verb:set package 'waypoint_commander' build argument 'catkin_cmake_args' from command line to 'None'
[0.534s] Level 5:colcon.colcon_core.verb:set package 'waypoint_commander' build argument 'catkin_skip_building_tests' from command line to 'False'
[0.534s] DEBUG:colcon.colcon_core.verb:Building package 'waypoint_commander' with the following arguments: {'ament_cmake_args': None, 'build_base': '/home/mitch/metr4202_ws/src/waypoint_commander/build/waypoint_commander', 'catkin_cmake_args': None, 'catkin_skip_building_tests': False, 'cmake_args': None, 'cmake_clean_cache': False, 'cmake_clean_first': False, 'cmake_force_configure': False, 'cmake_target': None, 'cmake_target_skip_unavailable': False, 'install_base': '/home/mitch/metr4202_ws/src/waypoint_commander/install/waypoint_commander', 'merge_install': False, 'path': '/home/mitch/metr4202_ws/src/waypoint_commander', 'symlink_install': True, 'test_result_base': None}
[0.534s] INFO:colcon.colcon_core.executor:Executing jobs using 'parallel' executor
[0.535s] DEBUG:colcon.colcon_parallel_executor.executor.parallel:run_until_complete
[0.536s] INFO:colcon.colcon_ros.task.ament_python.build:Building ROS package in '/home/mitch/metr4202_ws/src/waypoint_commander' with build type 'ament_python'
[0.537s] Level 1:colcon.colcon_core.shell:create_environment_hook('waypoint_commander', 'ament_prefix_path')
[0.539s] INFO:colcon.colcon_core.plugin_system:Skipping extension 'colcon_core.shell.bat': Not used on non-Windows systems
[0.539s] INFO:colcon.colcon_core.shell:Creating environment hook '/home/mitch/metr4202_ws/src/waypoint_commander/install/waypoint_commander/share/waypoint_commander/hook/ament_prefix_path.ps1'
[0.540s] INFO:colcon.colcon_core.shell:Creating environment descriptor '/home/mitch/metr4202_ws/src/waypoint_commander/install/waypoint_commander/share/waypoint_commander/hook/ament_prefix_path.dsv'
[0.542s] INFO:colcon.colcon_core.shell:Creating environment hook '/home/mitch/metr4202_ws/src/waypoint_commander/install/waypoint_commander/share/waypoint_commander/hook/ament_prefix_path.sh'
[0.545s] INFO:colcon.colcon_core.shell:Skip shell extension 'powershell' for command environment: Not usable outside of PowerShell
[0.546s] DEBUG:colcon.colcon_core.shell:Skip shell extension 'dsv' for command environment
[1.081s] INFO:colcon.colcon_core.task.python.build:Building Python package in '/home/mitch/metr4202_ws/src/waypoint_commander'
[1.082s] INFO:colcon.colcon_core.shell:Skip shell extension 'powershell' for command environment: Not usable outside of PowerShell
[1.082s] DEBUG:colcon.colcon_core.shell:Skip shell extension 'dsv' for command environment
[1.852s] DEBUG:colcon.colcon_core.task.python.build:Available setuptools commands: setopt, sdist, install, bdist_dumb, upload_docs, install_egg_info, symlink_data, install_headers, alias, bdist_egg, test, extract_messages, build, rotate, dist_info, egg_info, saveopts, install_lib, register, upload, develop, clean, update_catalog, build_scripts, check, build_py, build_ext, install_scripts, bdist_rpm, easy_install, install_data, bdist, compile_catalog, init_catalog, build_clib
[2.419s] DEBUG:colcon.colcon_core.task.python.build:Available setuptools 'develop' options: --force-installation-into-system-dir, --no-find-links, --zip-ok, --multi-version, --site-dirs, --install-layout, --help, --no-deps, --egg-path, --script-dir, --always-unzip, --version, --dry-run, --uninstall, --allow-hosts, --exclude-scripts, --record, --install-dir, --always-copy, --quiet, --local-snapshots-ok, --build-directory, --prefix, --find-links, --upgrade, --optimize, --editable, --user, --verbose, --no-user-cfg, --index-url
[2.435s] DEBUG:colcon.colcon_core.event_handler.log_command:Invoking command in '/home/mitch/metr4202_ws/src/waypoint_commander/build/waypoint_commander': PYTHONPATH=/home/mitch/metr4202_ws/src/waypoint_commander/build/waypoint_commander/prefix_override:/usr/lib/python3/dist-packages/colcon_core/task/python/colcon_distutils_commands:/home/mitch/metr4202_ws/src/waypoint_commander/install/waypoint_commander/lib/python3.10/site-packages:${PYTHONPATH} /usr/bin/python3 -W ignore:setup.py install is deprecated -W ignore:easy_install command is deprecated setup.py develop --editable --build-directory /home/mitch/metr4202_ws/src/waypoint_commander/build/waypoint_commander/build --no-deps symlink_data
[3.163s] Level 1:colcon.colcon_core.shell:create_environment_hook('waypoint_commander', 'pythonpath_develop')
[3.163s] INFO:colcon.colcon_core.shell:Creating environment hook '/home/mitch/metr4202_ws/src/waypoint_commander/build/waypoint_commander/share/waypoint_commander/hook/pythonpath_develop.ps1'
[3.165s] DEBUG:colcon.colcon_core.event_handler.log_command:Invoked command in '/home/mitch/metr4202_ws/src/waypoint_commander/build/waypoint_commander' returned '0': PYTHONPATH=/home/mitch/metr4202_ws/src/waypoint_commander/build/waypoint_commander/prefix_override:/usr/lib/python3/dist-packages/colcon_core/task/python/colcon_distutils_commands:/home/mitch/metr4202_ws/src/waypoint_commander/install/waypoint_commander/lib/python3.10/site-packages:${PYTHONPATH} /usr/bin/python3 -W ignore:setup.py install is deprecated -W ignore:easy_install command is deprecated setup.py develop --editable --build-directory /home/mitch/metr4202_ws/src/waypoint_commander/build/waypoint_commander/build --no-deps symlink_data
[3.165s] INFO:colcon.colcon_core.shell:Creating environment descriptor '/home/mitch/metr4202_ws/src/waypoint_commander/build/waypoint_commander/share/waypoint_commander/hook/pythonpath_develop.dsv'
[3.167s] INFO:colcon.colcon_core.shell:Creating environment hook '/home/mitch/metr4202_ws/src/waypoint_commander/build/waypoint_commander/share/waypoint_commander/hook/pythonpath_develop.sh'
[3.172s] Level 1:colcon.colcon_core.environment:checking '/home/mitch/metr4202_ws/src/waypoint_commander/install/waypoint_commander' for CMake module files
[3.174s] Level 1:colcon.colcon_core.environment:checking '/home/mitch/metr4202_ws/src/waypoint_commander/install/waypoint_commander' for CMake config files
[3.180s] Level 1:colcon.colcon_core.environment:checking '/home/mitch/metr4202_ws/src/waypoint_commander/install/waypoint_commander/lib'
[3.180s] Level 1:colcon.colcon_core.environment:checking '/home/mitch/metr4202_ws/src/waypoint_commander/install/waypoint_commander/bin'
[3.181s] Level 1:colcon.colcon_core.environment:checking '/home/mitch/metr4202_ws/src/waypoint_commander/install/waypoint_commander/lib/pkgconfig/waypoint_commander.pc'
[3.181s] Level 1:colcon.colcon_core.environment:checking '/home/mitch/metr4202_ws/src/waypoint_commander/install/waypoint_commander/lib/python3.10/site-packages'
[3.181s] Level 1:colcon.colcon_core.shell:create_environment_hook('waypoint_commander', 'pythonpath')
[3.187s] INFO:colcon.colcon_core.shell:Creating environment hook '/home/mitch/metr4202_ws/src/waypoint_commander/install/waypoint_commander/share/waypoint_commander/hook/pythonpath.ps1'
[3.188s] INFO:colcon.colcon_core.shell:Creating environment descriptor '/home/mitch/metr4202_ws/src/waypoint_commander/install/waypoint_commander/share/waypoint_commander/hook/pythonpath.dsv'
[3.189s] INFO:colcon.colcon_core.shell:Creating environment hook '/home/mitch/metr4202_ws/src/waypoint_commander/install/waypoint_commander/share/waypoint_commander/hook/pythonpath.sh'
[3.190s] Level 1:colcon.colcon_core.environment:checking '/home/mitch/metr4202_ws/src/waypoint_commander/install/waypoint_commander/bin'
[3.190s] Level 1:colcon.colcon_core.environment:create_environment_scripts_only(waypoint_commander)
[3.196s] INFO:colcon.colcon_core.shell:Creating package script '/home/mitch/metr4202_ws/src/waypoint_commander/install/waypoint_commander/share/waypoint_commander/package.ps1'
[3.206s] INFO:colcon.colcon_core.shell:Creating package descriptor '/home/mitch/metr4202_ws/src/waypoint_commander/install/waypoint_commander/share/waypoint_commander/package.dsv'
[3.207s] INFO:colcon.colcon_core.shell:Creating package script '/home/mitch/metr4202_ws/src/waypoint_commander/install/waypoint_commander/share/waypoint_commander/package.sh'
[3.209s] INFO:colcon.colcon_core.shell:Creating package script '/home/mitch/metr4202_ws/src/waypoint_commander/install/waypoint_commander/share/waypoint_commander/package.bash'
[3.210s] INFO:colcon.colcon_core.shell:Creating package script '/home/mitch/metr4202_ws/src/waypoint_commander/install/waypoint_commander/share/waypoint_commander/package.zsh'
[3.212s] Level 1:colcon.colcon_core.environment:create_file_with_runtime_dependencies(/home/mitch/metr4202_ws/src/waypoint_commander/install/waypoint_commander/share/colcon-core/packages/waypoint_commander)
[3.213s] DEBUG:colcon.colcon_parallel_executor.executor.parallel:closing loop
[3.215s] DEBUG:colcon.colcon_parallel_executor.executor.parallel:loop closed
[3.215s] DEBUG:colcon.colcon_parallel_executor.executor.parallel:run_until_complete finished with '0'
[3.215s] DEBUG:colcon.colcon_core.event_reactor:joining thread
[3.230s] INFO:colcon.colcon_core.plugin_system:Skipping extension 'colcon_notification.desktop_notification.terminal_notifier': Not used on non-Darwin systems
[3.233s] INFO:colcon.colcon_core.plugin_system:Skipping extension 'colcon_notification.desktop_notification.win32': Not used on non-Windows systems
[3.233s] INFO:colcon.colcon_notification.desktop_notification:Sending desktop notification using 'notify2'
[3.273s] DEBUG:colcon.colcon_core.event_reactor:joined thread
[3.273s] INFO:colcon.colcon_core.shell:Creating prefix script '/home/mitch/metr4202_ws/src/waypoint_commander/install/local_setup.ps1'
[3.275s] INFO:colcon.colcon_core.shell:Creating prefix util module '/home/mitch/metr4202_ws/src/waypoint_commander/install/_local_setup_util_ps1.py'
[3.284s] INFO:colcon.colcon_core.shell:Creating prefix chain script '/home/mitch/metr4202_ws/src/waypoint_commander/install/setup.ps1'
[3.288s] INFO:colcon.colcon_core.shell:Creating prefix script '/home/mitch/metr4202_ws/src/waypoint_commander/install/local_setup.sh'
[3.294s] INFO:colcon.colcon_core.shell:Creating prefix util module '/home/mitch/metr4202_ws/src/waypoint_commander/install/_local_setup_util_sh.py'
[3.295s] INFO:colcon.colcon_core.shell:Creating prefix chain script '/home/mitch/metr4202_ws/src/waypoint_commander/install/setup.sh'
[3.307s] INFO:colcon.colcon_core.shell:Creating prefix script '/home/mitch/metr4202_ws/src/waypoint_commander/install/local_setup.bash'
[3.308s] INFO:colcon.colcon_core.shell:Creating prefix chain script '/home/mitch/metr4202_ws/src/waypoint_commander/install/setup.bash'
[3.311s] INFO:colcon.colcon_core.shell:Creating prefix script '/home/mitch/metr4202_ws/src/waypoint_commander/install/local_setup.zsh'
[3.312s] INFO:colcon.colcon_core.shell:Creating prefix chain script '/home/mitch/metr4202_ws/src/waypoint_commander/install/setup.zsh'
